Copyright 1986-2017 Xilinx, Inc. All Rights Reserved.
------------------------------------------------------------------------------------
| Tool Version : Vivado v.2017.4 (win64) Build 2086221 Fri Dec 15 20:55:39 MST 2017
| Date         : Fri May 20 23:45:29 2022
| Host         : DESKTOP-SOJGS7H running 64-bit major release  (build 9200)
| Command      : report_control_sets -verbose -file CSSTE_control_sets_placed.rpt
| Design       : CSSTE
| Device       : xc7k160t
------------------------------------------------------------------------------------

Control Set Information

Table of Contents
-----------------
1. Summary
2. Flip-Flop Distribution
3. Detailed Control Set Information

1. Summary
----------

+----------------------------------------------------------+-------+
|                          Status                          | Count |
+----------------------------------------------------------+-------+
| Number of unique control sets                            |   138 |
| Unused register locations in slices containing registers |   168 |
+----------------------------------------------------------+-------+


2. Flip-Flop Distribution
-------------------------

+--------------+-----------------------+------------------------+-----------------+--------------+
| Clock Enable | Synchronous Set/Reset | Asynchronous Set/Reset | Total Registers | Total Slices |
+--------------+-----------------------+------------------------+-----------------+--------------+
| No           | No                    | No                     |              77 |           49 |
| No           | No                    | Yes                    |             553 |          180 |
| No           | Yes                   | No                     |              36 |           13 |
| Yes          | No                    | No                     |             145 |           64 |
| Yes          | No                    | Yes                    |            1315 |          560 |
| Yes          | Yes                   | No                     |              74 |           20 |
+--------------+-----------------------+------------------------+-----------------+--------------+


3. Detailed Control Set Information
-----------------------------------

+----------------------------------------------+----------------------------------------+-------------------------------------------+------------------+----------------+
|                 Clock Signal                 |              Enable Signal             |              Set/Reset Signal             | Slice Load Count | Bel Load Count |
+----------------------------------------------+----------------------------------------+-------------------------------------------+------------------+----------------+
|  U1/if_reg_id/ALUSrc_B_out_IDEX_reg_0        |                                        |                                           |                1 |              1 |
|  U1/if_reg_id/Branch_out_IDEX_reg            |                                        |                                           |                1 |              1 |
|  U1/if_reg_id/MemRW_out_IDEX_reg             |                                        |                                           |                1 |              1 |
|  U1/if_reg_id/BranchN_out_IDEX_reg           |                                        |                                           |                1 |              1 |
|  U1/if_reg_id/E[0]                           |                                        |                                           |                1 |              1 |
|  clk_100mhz_IBUF_BUFG                        | U6/inst/M2/EN_i_1_n_1                  | U9/rst                                    |                1 |              1 |
|  U8/clkdiv_BUFG[11]                          |                                        |                                           |                1 |              1 |
|  U8/clkdiv_BUFG[11]                          |                                        | U9/rst                                    |                1 |              1 |
|  U8/clkdiv_BUFG[9]                           |                                        |                                           |                1 |              1 |
|  U8/clkdiv_BUFG[9]                           |                                        | U9/rst                                    |                1 |              1 |
|  U8/clkdiv_BUFG[6]                           |                                        |                                           |                1 |              1 |
|  U1/if_reg_id/MemtoReg_out_IDEX_reg[1]_0[0]  |                                        |                                           |                1 |              2 |
|  U8/clkdiv_BUFG[6]                           |                                        | U9/rst                                    |                2 |              2 |
|  U1/if_reg_id/Imm_out_IDEX_reg[3]_0[0]       |                                        |                                           |                1 |              3 |
|  U1/if_reg_id/ALU_control_out_IDEX_reg[0][0] |                                        |                                           |                2 |              3 |
| ~U8/Clk_CPU_BUFG                             |                                        | U9/rst                                    |                2 |              4 |
| ~U8/Clk_CPU_BUFG                             | U7/LED_P2S/shift_count[3]_i_1_n_0      | U9/rst                                    |                2 |              4 |
| ~U8/Clk_CPU_BUFG                             |                                        |                                           |                4 |              5 |
|  clk_100mhz_IBUF_BUFG                        | U6/inst/M2/shift_count[5]_i_1_n_1      | U9/rst                                    |                2 |              6 |
| ~U8/Clk_CPU_BUFG                             | U10/counter_Ctrl                       | U9/rst                                    |                1 |              6 |
|  U8/clkdiv_BUFG[1]                           | U11/vga_controller/v_count             | U9/rst                                    |                4 |             10 |
|  clk_100mhz_IBUF_BUFG                        | U11/vga_debugger/Blue[3]_34            |                                           |                4 |             12 |
|  clk_100mhz_IBUF_BUFG                        | U11/vga_debugger/Blue[3]_35            |                                           |                4 |             12 |
|  clk_100mhz_IBUF_BUFG                        | U11/vga_debugger/Blue[3]_23            |                                           |                4 |             12 |
|  clk_100mhz_IBUF_BUFG                        | U11/vga_debugger/Blue[3]_40            |                                           |                3 |             12 |
|  clk_100mhz_IBUF_BUFG                        | U11/vga_debugger/Blue[3]_30            |                                           |                3 |             12 |
|  clk_100mhz_IBUF_BUFG                        | U11/vga_debugger/Blue[3]_50            |                                           |                3 |             12 |
|  clk_100mhz_IBUF_BUFG                        | U11/vga_debugger/Blue[3]_52            |                                           |                3 |             12 |
|  clk_100mhz_IBUF_BUFG                        | U11/vga_debugger/Blue[3]_53            |                                           |                3 |             12 |
|  clk_100mhz_IBUF_BUFG                        | U11/vga_debugger/Blue[3]_55            |                                           |                3 |             12 |
|  clk_100mhz_IBUF_BUFG                        | U11/vga_debugger/Blue[3]_33            |                                           |                3 |             12 |
|  clk_100mhz_IBUF_BUFG                        | U11/vga_debugger/Blue[3]_17            |                                           |                3 |             12 |
|  clk_100mhz_IBUF_BUFG                        | U11/vga_debugger/Blue[3]_41            |                                           |                3 |             12 |
|  clk_100mhz_IBUF_BUFG                        | U11/vga_debugger/Blue[3]_21            |                                           |                4 |             12 |
|  clk_100mhz_IBUF_BUFG                        | U11/vga_debugger/Blue[3]_48            |                                           |                3 |             12 |
|  clk_100mhz_IBUF_BUFG                        | U11/vga_debugger/Blue[3]_43            |                                           |                3 |             12 |
|  clk_100mhz_IBUF_BUFG                        | U11/vga_debugger/Blue[3]_45            |                                           |                3 |             12 |
|  clk_100mhz_IBUF_BUFG                        | U11/vga_debugger/Blue[3]_28            |                                           |                3 |             12 |
|  clk_100mhz_IBUF_BUFG                        | U11/vga_debugger/Blue[3]_44            |                                           |                3 |             12 |
|  clk_100mhz_IBUF_BUFG                        | U11/vga_debugger/Blue[3]_51            |                                           |                3 |             12 |
|  clk_100mhz_IBUF_BUFG                        | U11/vga_debugger/Blue[3]_54            |                                           |                3 |             12 |
|  clk_100mhz_IBUF_BUFG                        | U11/vga_debugger/Blue[3]_56            |                                           |                3 |             12 |
|  clk_100mhz_IBUF_BUFG                        | U11/vga_debugger/Blue[3]_29            |                                           |                3 |             12 |
|  clk_100mhz_IBUF_BUFG                        | U11/vga_debugger/Blue[3]_31            |                                           |                3 |             12 |
|  clk_100mhz_IBUF_BUFG                        | U11/vga_debugger/Blue[3]_27            |                                           |                4 |             12 |
|  clk_100mhz_IBUF_BUFG                        | U11/vga_debugger/Blue[3]_42            |                                           |                3 |             12 |
|  clk_100mhz_IBUF_BUFG                        | U11/vga_debugger/Blue[3]_16            |                                           |                4 |             12 |
|  clk_100mhz_IBUF_BUFG                        | U11/vga_debugger/Blue[3]_32            |                                           |                3 |             12 |
|  clk_100mhz_IBUF_BUFG                        | U11/vga_debugger/Blue[3]_19            |                                           |                3 |             12 |
|  clk_100mhz_IBUF_BUFG                        | U11/vga_debugger/Blue[3]_26            |                                           |                4 |             12 |
|  clk_100mhz_IBUF_BUFG                        | U11/vga_debugger/Blue[3]_37            |                                           |                4 |             12 |
|  clk_100mhz_IBUF_BUFG                        | U11/vga_debugger/Blue[3]_38            |                                           |                3 |             12 |
|  clk_100mhz_IBUF_BUFG                        | U11/vga_debugger/Blue[3]_20            |                                           |                3 |             12 |
|  clk_100mhz_IBUF_BUFG                        | U11/vga_debugger/Blue[3]_78            |                                           |                3 |             12 |
|  clk_100mhz_IBUF_BUFG                        | U11/vga_debugger/Blue[3]_74            |                                           |                3 |             12 |
|  clk_100mhz_IBUF_BUFG                        | U11/vga_debugger/Blue[3]_63            |                                           |                3 |             12 |
|  clk_100mhz_IBUF_BUFG                        | U11/vga_debugger/Blue[3]_59            |                                           |                3 |             12 |
|  clk_100mhz_IBUF_BUFG                        | U11/vga_debugger/Blue[3]_66            |                                           |                3 |             12 |
|  clk_100mhz_IBUF_BUFG                        | U11/vga_debugger/Blue[3]_71            |                                           |                3 |             12 |
|  clk_100mhz_IBUF_BUFG                        | U11/vga_debugger/Blue[3]_68            |                                           |                4 |             12 |
|  clk_100mhz_IBUF_BUFG                        | U11/vga_debugger/Blue[3]_75            |                                           |                4 |             12 |
|  clk_100mhz_IBUF_BUFG                        | U11/vga_debugger/Blue[3]_77            |                                           |                4 |             12 |
|  clk_100mhz_IBUF_BUFG                        | U11/vga_debugger/Blue[3]_76            |                                           |                3 |             12 |
|  clk_100mhz_IBUF_BUFG                        | U11/vga_debugger/Blue[3]_65            |                                           |                3 |             12 |
|  clk_100mhz_IBUF_BUFG                        | U11/vga_debugger/Blue[3]_64            |                                           |                3 |             12 |
|  clk_100mhz_IBUF_BUFG                        | U11/vga_debugger/Blue[3]_72            |                                           |                4 |             12 |
|  clk_100mhz_IBUF_BUFG                        | U11/vga_debugger/Blue[3]_69            |                                           |                3 |             12 |
|  clk_100mhz_IBUF_BUFG                        | U11/vga_debugger/Blue[3]_57            |                                           |                3 |             12 |
|  clk_100mhz_IBUF_BUFG                        | U11/vga_debugger/Blue[3]_61            |                                           |                3 |             12 |
|  clk_100mhz_IBUF_BUFG                        | U11/vga_debugger/Blue[3]_67            |                                           |                3 |             12 |
|  clk_100mhz_IBUF_BUFG                        | U11/vga_debugger/Blue[3]_58            |                                           |                3 |             12 |
|  clk_100mhz_IBUF_BUFG                        | U11/vga_debugger/Blue[3]_70            |                                           |                3 |             12 |
|  clk_100mhz_IBUF_BUFG                        | U11/vga_debugger/Blue[3]_73            |                                           |                3 |             12 |
|  clk_100mhz_IBUF_BUFG                        | U11/vga_debugger/Blue[3]_60            |                                           |                3 |             12 |
|  clk_100mhz_IBUF_BUFG                        | U11/vga_debugger/Blue[3]_62            |                                           |                3 |             12 |
|  clk_100mhz_IBUF_BUFG                        | U11/vga_debugger/Blue[3]_22            |                                           |                4 |             12 |
|  clk_100mhz_IBUF_BUFG                        | U11/vga_debugger/Blue[3]_39            |                                           |                3 |             12 |
|  clk_100mhz_IBUF_BUFG                        | U11/vga_debugger/Blue[3]_46            |                                           |                3 |             12 |
|  clk_100mhz_IBUF_BUFG                        | U11/vga_debugger/Blue[3]_15            |                                           |                3 |             12 |
|  clk_100mhz_IBUF_BUFG                        | U11/vga_debugger/Blue[3]_36            |                                           |                4 |             12 |
|  clk_100mhz_IBUF_BUFG                        | U11/vga_debugger/Blue[3]_47            |                                           |                3 |             12 |
|  clk_100mhz_IBUF_BUFG                        | U11/vga_debugger/Blue[3]_49            |                                           |                3 |             12 |
|  U8/clkdiv_BUFG[1]                           |                                        | U9/rst                                    |                7 |             12 |
|  clk_100mhz_IBUF_BUFG                        | U11/vga_debugger/Blue[3]_24            |                                           |                4 |             12 |
|  clk_100mhz_IBUF_BUFG                        | U11/vga_debugger/Blue[3]_18            |                                           |                3 |             12 |
|  clk_100mhz_IBUF_BUFG                        | U11/vga_debugger/Blue[3]_25            |                                           |                4 |             12 |
| ~U8/Clk_CPU_BUFG                             | U7/LED_P2S/buffer[0]_i_1_n_0           |                                           |                3 |             16 |
|  clk_100mhz_IBUF_BUFG                        | U9/pulse_out[3]_i_2_n_0                |                                           |                7 |             17 |
|  U8/Clk_CPU_BUFG                             | U4/GPIOf0000000_we                     | U9/rst                                    |                9 |             18 |
|  clk_100mhz_IBUF_BUFG                        |                                        |                                           |                8 |             24 |
|  clk_100mhz_IBUF_BUFG                        |                                        | U11/vga_debugger/display_addr[11]_i_1_n_1 |                6 |             24 |
|  U8/Clk_CPU_BUFG                             | U1/mem_reg_wb/register_reg[14][31][0]  | U9/rst                                    |               16 |             32 |
|  U8/Clk_CPU_BUFG                             | U1/mem_reg_wb/register_reg[17][31][0]  | U9/rst                                    |               15 |             32 |
|  U8/Clk_CPU_BUFG                             | U1/mem_reg_wb/register_reg[18][31][0]  | U9/rst                                    |               14 |             32 |
|  U8/Clk_CPU_BUFG                             | U1/mem_reg_wb/register_reg[13][31][0]  | U9/rst                                    |               13 |             32 |
|  U8/Clk_CPU_BUFG                             | U1/mem_reg_wb/register_reg[15][31][0]  | U9/rst                                    |                9 |             32 |
|  U8/Clk_CPU_BUFG                             | U1/mem_reg_wb/register_reg[12][31][0]  | U9/rst                                    |               15 |             32 |
|  U8/Clk_CPU_BUFG                             | U1/mem_reg_wb/register_reg[24][31][0]  | U9/rst                                    |               11 |             32 |
|  U8/Clk_CPU_BUFG                             | U1/mem_reg_wb/register_reg[25][31][0]  | U9/rst                                    |               12 |             32 |
|  U8/Clk_CPU_BUFG                             | U1/mem_reg_wb/register_reg[28][31][0]  | U9/rst                                    |               18 |             32 |
|  U8/Clk_CPU_BUFG                             | U1/mem_reg_wb/register_reg[2][31][0]   | U9/rst                                    |               18 |             32 |
|  U8/Clk_CPU_BUFG                             | U1/mem_reg_wb/register_reg[30][31][0]  | U9/rst                                    |               13 |             32 |
|  U8/Clk_CPU_BUFG                             | U1/mem_reg_wb/register_reg[5][31][0]   | U9/rst                                    |               10 |             32 |
|  U8/Clk_CPU_BUFG                             | U1/mem_reg_wb/register_reg[1][31]_4[0] | U9/rst                                    |               19 |             32 |
|  U8/Clk_CPU_BUFG                             | U1/mem_reg_wb/register_reg[7][31][0]   | U9/rst                                    |               18 |             32 |
|  U8/Clk_CPU_BUFG                             | U1/mem_reg_wb/register_reg[9][31][0]   | U9/rst                                    |               12 |             32 |
|  U8/Clk_CPU_BUFG                             | U1/mem_reg_wb/register_reg[20][31][0]  | U9/rst                                    |               11 |             32 |
|  U8/Clk_CPU_BUFG                             | U1/mem_reg_wb/register_reg[26][31][0]  | U9/rst                                    |               17 |             32 |
|  U8/Clk_CPU_BUFG                             | U1/mem_reg_wb/register_reg[22][31][0]  | U9/rst                                    |               15 |             32 |
|  U8/Clk_CPU_BUFG                             | U1/mem_reg_wb/register_reg[23][31][0]  | U9/rst                                    |               13 |             32 |
|  U8/Clk_CPU_BUFG                             | U1/mem_reg_wb/register_reg[21][31][0]  | U9/rst                                    |               18 |             32 |
|  U8/Clk_CPU_BUFG                             | U1/mem_reg_wb/register_reg[27][31][0]  | U9/rst                                    |               12 |             32 |
|  U8/Clk_CPU_BUFG                             | U1/mem_reg_wb/register_reg[3][31]_1[0] | U9/rst                                    |               16 |             32 |
|  U8/Clk_CPU_BUFG                             | U1/mem_reg_wb/register_reg[29][31][0]  | U9/rst                                    |               21 |             32 |
|  U8/Clk_CPU_BUFG                             | U1/mem_reg_wb/register_reg[4][31][0]   | U9/rst                                    |               13 |             32 |
|  U8/Clk_CPU_BUFG                             | U1/mem_reg_wb/register_reg[6][31][0]   | U9/rst                                    |               20 |             32 |
|  U8/Clk_CPU_BUFG                             | U1/mem_reg_wb/register_reg[8][31][0]   | U9/rst                                    |               17 |             32 |
|  U8/Clk_CPU_BUFG                             | U1/mem_reg_wb/register_reg[16][31][0]  | U9/rst                                    |               12 |             32 |
|  U8/Clk_CPU_BUFG                             | U1/mem_reg_wb/register_reg[31][31][0]  | U9/rst                                    |               19 |             32 |
| ~U8/Clk_CPU_BUFG                             | U10/counter0_Lock                      | U9/rst                                    |               11 |             32 |
| ~U8/Clk_CPU_BUFG                             | U10/counter1_Lock                      | U9/rst                                    |                9 |             32 |
| ~U8/Clk_CPU_BUFG                             | U10/counter2_Lock                      | U9/rst                                    |                8 |             32 |
|  U8/Clk_CPU_BUFG                             | U1/mem_reg_wb/register_reg[19][31][0]  | U9/rst                                    |               15 |             32 |
|  U8/Clk_CPU_BUFG                             | U1/mem_reg_wb/register_reg[10][31][0]  | U9/rst                                    |               13 |             32 |
|  clk_100mhz_IBUF_BUFG                        | U9/sel                                 | U9/counter[0]_i_1_n_0                     |                8 |             32 |
|  clk_100mhz_IBUF_BUFG                        | U9/rst_counter[0]_i_1_n_0              | U9/counter[0]_i_1_n_0                     |                8 |             32 |
|  U8/Clk_CPU_BUFG                             | U1/mem_reg_wb/register_reg[11][31][0]  | U9/rst                                    |               10 |             32 |
|  n_0_1439_BUFG                               |                                        |                                           |               25 |             32 |
|  U8/Clk_CPU_BUFG                             | U1/ex_reg_mem/en_IFID                  | U9/rst                                    |               10 |             32 |
|  U8/clkdiv_BUFG[6]                           | U10/counter0[31]                       | U9/rst                                    |               10 |             32 |
|  U8/clkdiv_BUFG[9]                           | U10/counter1[32]_i_1_n_0               | U9/rst                                    |               10 |             33 |
|  U8/clkdiv_BUFG[11]                          | U10/counter2[32]_i_1_n_0               | U9/rst                                    |               11 |             33 |
|  clk_100mhz_IBUF_BUFG                        |                                        | U9/rst                                    |                9 |             35 |
| ~U8/Clk_CPU_BUFG                             | U4/GPIOe0000000_we                     |                                           |               24 |             48 |
|  U8/Clk_CPU_BUFG                             | U1/ex_reg_mem/en_IFID                  | U1/ex_reg_mem/rst_IFID0[0]                |               21 |             62 |
|  clk_100mhz_IBUF_BUFG                        | U6/inst/M2/buffer[0]_i_1_n_1           |                                           |               30 |             64 |
|  U8/Clk_CPU_BUFG                             |                                        | U1/ex_reg_mem/rst_IDEX0[0]                |               67 |            164 |
|  U8/Clk_CPU_BUFG                             |                                        | U9/rst                                    |               98 |            346 |
+----------------------------------------------+----------------------------------------+-------------------------------------------+------------------+----------------+


+--------+-----------------------+
| Fanout | Number of ControlSets |
+--------+-----------------------+
| 1      |                    11 |
| 2      |                     2 |
| 3      |                     2 |
| 4      |                     2 |
| 5      |                     1 |
| 6      |                     2 |
| 10     |                     1 |
| 12     |                    65 |
| 16+    |                    52 |
+--------+-----------------------+


